<html>
<body>
<pre>
<h1>礦ision Build Log</h1>
<h2>Tool Versions:</h2>
IDE-Version: μVision V5.14.2
Copyright (C) 2015 ARM Ltd and ARM Germany GmbH. All rights reserved.
License Information: Cortex-M4, 3, LIC=S5ISB-2LFD1-BXKUY-I01M0-5SI42-8JYL9
 
Tool Versions:
Toolchain:       MDK-ARM Professional  Version: 5.14.0.0
Toolchain Path:  F:\keil5\ARM\ARMCC\Bin
C Compiler:      Armcc.exe V5.05 update 1 (build 106)
Assembler:       Armasm.exe V5.05 update 1 (build 106)
Linker/Locator:  ArmLink.exe V5.05 update 1 (build 106)
Library Manager: ArmAr.exe V5.05 update 1 (build 106)
Hex Converter:   FromElf.exe V5.05 update 1 (build 106)
CPU DLL:         SARMCM3.DLL V5.14.0.0
Dialog DLL:      DCM.DLL V1.13.1.0
Target DLL:      Segger\JL2CM3.dll V2.99.13.0
Dialog DLL:      TCM.DLL V1.14.4.0
 
<h2>Project:</h2>
F:\钱旭\武汉理工大学\电赛\stm32f4_modules\Debuging\平衡车_V2\USER\LED.uvprojx
Project File Date:  03/23/2019

<h2>Output:</h2>
*** Using Compiler 'V5.05 update 1 (build 106)', folder: 'F:\keil5\ARM\ARMCC\Bin'
Build target 'BalanceCar'
compiling control.c...
..\HARDWARE\CONTROL\control.c(76): warning:  #1035-D: single-precision operand implicitly converted to double-precision
      if (Gyro < 0.2 && Gyro > -0.2)
..\HARDWARE\CONTROL\control.c: 1 warning, 0 errors
linking...
Program Size: Code=20642 RO-data=1522 RW-data=476 ZI-data=3428  
FromELF: creating hex file...
"..\OBJ\BalanceCar.axf" - 0 Error(s), 1 Warning(s).

<h2>Collection of Component include folders:</h2>
  F:\钱旭\武汉理工大学\电赛\stm32f4_modules\Debuging\平衡车_V2\USER\RTE
  F:\keil5\Keil\STM32F4xx_DFP\2.5.0\Drivers\CMSIS\Device\ST\STM32F4xx\Include

<h2>Collection of Component Files used:</h2>
</pre>
</body>
</html>
